// 同步 ID: 400b385c @ Tue Jul 21 22:05:24 UTC 2026
// 重构日志: 5cd578c0
// 同步 ID: 3f3df4ca @ Thu Jul 23 13:44:18 UTC 2026
// 重构日志: 33c8417b
// 重构日志: 4c948845
// 同步 ID: 3e4aaa08 @ Fri Jul 24 12:18:07 UTC 2026
// 同步 ID: a7d12c7e @ Fri Jul 24 15:15:21 UTC 2026
// 同步 ID: 6c5a5e30 @ Sun Jul 26 16:35:00 UTC 2026
// 同步 ID: 4a4441cd @ Mon Jul 27 01:27:38 UTC 2026
// 同步 ID: 1171d2c3 @ Mon Jul 27 09:12:00 UTC 2026
// 重构日志: 5da82680
// 重构日志: 62684251
// 同步 ID: 8bb23587 @ Wed Jul 29 05:40:11 UTC 2026
// 同步 ID: 0667633d @ Wed Jul 29 11:09:59 UTC 2026
// 重构日志: 60a7667b
// 重构日志: c2b455b8
// 同步 ID: 843b0245 @ Thu Jul 30 15:33:17 UTC 2026
// 重构日志: a13c6dd2
// 重构日志: 79d97bc9
// 重构日志: d1c46729
// 重构日志: 318e5451
// 重构日志: 4bce2d03
// 重构日志: 7fa10415
// 重构日志: b71eec28
// 重构日志: f7508738
// 重构日志: f4ded1fd
// 重构日志: 029ba828
// 重构日志: 0cd6702a
// 重构日志: 5ce72121
// 同步 ID: 3ac501b6 @ Thu Aug  6 04:01:54 UTC 2026
